device=cuda:0 amp=True n_train=10293 n_val=1518 cache=chexpert_plus_subset/images_chambon python=python

Loading weights:   0%|          | 0/199 [00:00<?, ?it/s]
Loading weights:  62%|██████▏   | 124/199 [00:00<00:00, 1229.72it/s]
Loading weights: 100%|██████████| 199/199 [00:00<00:00, 1097.39it/s]
[transformers] [1mBertModel LOAD REPORT[0m from: ./models/Bio_ClinicalBERT
Key                                        | Status     |  | 
-------------------------------------------+------------+--+-
cls.predictions.decoder.weight             | UNEXPECTED |  | 
cls.predictions.transform.dense.bias       | UNEXPECTED |  | 
cls.seq_relationship.bias                  | UNEXPECTED |  | 
cls.seq_relationship.weight                | UNEXPECTED |  | 
cls.predictions.transform.dense.weight     | UNEXPECTED |  | 
cls.predictions.bias                       | UNEXPECTED |  | 
cls.predictions.transform.LayerNorm.bias   | UNEXPECTED |  | 
cls.predictions.transform.LayerNorm.weight | UNEXPECTED |  | 

Notes:
- UNEXPECTED:	can be ignored when loading from different task/architecture; not ok if you expect identical arch.
e2e_recipe=last_block_vision_plus_last6_bert freeze_image=last_block freeze_text=last_6_layers n_proj=721408 n_backbone=58082560 n_trainable=58803968 backbone_lr=1e-05
./scripts/train_plus_g_e2e.py:224: FutureWarning: `torch.cuda.amp.GradScaler(args...)` is deprecated. Please use `torch.amp.GradScaler('cuda', args...)` instead.
  scaler = GradScaler(enabled=use_amp)
embedding untrained val…
./scripts/train_plus_g_e2e.py:65: FutureWarning: `torch.cuda.amp.autocast(args...)` is deprecated. Please use `torch.amp.autocast('cuda', args...)` instead.
  with autocast(enabled=use_amp):
untrained_val {'i2t_R@1': 0.000659, 'i2t_R@5': 0.002635, 'i2t_R@10': 0.00527, 't2i_R@1': 0.0, 't2i_R@5': 0.001976, 't2i_R@10': 0.006588, 'chance_R@1': 0.000659}
./scripts/train_plus_g_e2e.py:257: FutureWarning: `torch.cuda.amp.autocast(args...)` is deprecated. Please use `torch.amp.autocast('cuda', args...)` instead.
  with autocast(enabled=use_amp):
epoch 001  loss 2.9087  train512_i2t_R@1 0.0469  val_i2t_R@1 0.0112  val_t2i_R@1 0.0053
epoch 002  loss 2.1680  train512_i2t_R@1 0.0918  val_i2t_R@1 0.0158  val_t2i_R@1 0.0145
epoch 003  loss 1.6389  train512_i2t_R@1 0.1641  val_i2t_R@1 0.0224  val_t2i_R@1 0.0231
epoch 004  loss 1.1617  train512_i2t_R@1 0.2988  val_i2t_R@1 0.0231  val_t2i_R@1 0.0217
epoch 005  loss 0.7848  train512_i2t_R@1 0.3965  val_i2t_R@1 0.0224  val_t2i_R@1 0.0211
epoch 006  loss 0.5544  train512_i2t_R@1 0.5137  val_i2t_R@1 0.0237  val_t2i_R@1 0.0231
epoch 007  loss 0.4103  train512_i2t_R@1 0.6484  val_i2t_R@1 0.0198  val_t2i_R@1 0.0204
epoch 008  loss 0.3091  train512_i2t_R@1 0.7129  val_i2t_R@1 0.0178  val_t2i_R@1 0.0257
epoch 009  loss 0.2613  train512_i2t_R@1 0.7832  val_i2t_R@1 0.0244  val_t2i_R@1 0.0250
epoch 010  loss 0.2187  train512_i2t_R@1 0.7559  val_i2t_R@1 0.0250  val_t2i_R@1 0.0250
epoch 011  loss 0.1879  train512_i2t_R@1 0.8438  val_i2t_R@1 0.0184  val_t2i_R@1 0.0237
epoch 012  loss 0.1698  train512_i2t_R@1 0.8457  val_i2t_R@1 0.0178  val_t2i_R@1 0.0250
epoch 013  loss 0.1447  train512_i2t_R@1 0.9004  val_i2t_R@1 0.0198  val_t2i_R@1 0.0217
epoch 014  loss 0.1327  train512_i2t_R@1 0.8867  val_i2t_R@1 0.0217  val_t2i_R@1 0.0237
epoch 015  loss 0.1130  train512_i2t_R@1 0.9160  val_i2t_R@1 0.0217  val_t2i_R@1 0.0303
epoch 016  loss 0.1129  train512_i2t_R@1 0.9355  val_i2t_R@1 0.0250  val_t2i_R@1 0.0224
epoch 017  loss 0.0967  train512_i2t_R@1 0.9434  val_i2t_R@1 0.0231  val_t2i_R@1 0.0264
epoch 018  loss 0.0936  train512_i2t_R@1 0.9453  val_i2t_R@1 0.0231  val_t2i_R@1 0.0231
{
  "best_epoch": 10,
  "best_val_i2t_R@1": 0.02503293752670288,
  "best_val_t2i_R@1": 0.02503293752670288,
  "shuffle_mean_i2t_R@1": 0.0006587615353055298,
  "beats_5x_chance": true,
  "early_stopped": true,
  "stopped_at_epoch": 18,
  "trainable_params": 58803968,
  "aborted_overfit": false
}
wrote ./experiments/plus_g_e2e_001/metrics.json
E2E_EXIT:0
